{
  "id_links": "@integer@",
  "original_link": "www.wp.pl",
  "short_link": "www.skroc.to/FFgh4",
  "slug": "FFgh4"
}