[
  {
    "id_links": "@integer@",
    "original_link": "www.wp.pl",
    "short_link": "www.skroc.to/FFgh4",
    "slug": "FFgh4"
  },
  {
    "id_links": "@integer@",
    "original_link": "www.google.com",
    "short_link": "www.skroc.to/Kljk4",
    "slug": "Kljk4"
  }
]